<?xml version="1.0" encoding="UTF-8"?>
<!--
Translation-Revision-Date: 2021-03-30 14:54:04+0000
Plural-Forms: nplurals=2; plural=(n > 1);
Generator: GlotPress/2.4.0-alpha
Language: pt_BR
-->
<resources>
    <string name="shipping_label_payments_saving_error">Ocorreu um erro ao salvar suas configurações</string>
    <string name="shipping_label_payments_saving_dialog_message">Aguarde…</string>
    <string name="shipping_label_payments_saving_dialog_title">Salvando suas configurações</string>
    <string name="shipping_label_payments_expiration_date">Expira em %1$s</string>
    <string name="shipping_label_payments_email_receipts_checkbox">Enviar os recibos de compra da etiqueta por e-mail para %1$s (%2$s) em %3$s</string>
    <string name="shipping_label_payments_account_info">Os cartões de crédito foram recuperados da seguinte conta do WordPress.com: %1$s &lt;%2$s&gt;</string>
    <string name="shipping_label_payments_type_digits">%1$s****%2$s</string>
    <string name="shipping_label_payments_add_credit_card">Adicionar outro cartão de crédito</string>
    <string name="shipping_label_payments_selected_payment_method">Método de pagamento selecionado</string>
    <string name="shipping_label_woo_discount_bottomsheet_message" formatted="false">Ao comprar etiquetas de envio com o WooCommerce, você recebe de 5% a 40% de desconto se comparado às tarifas do correio.</string>
    <string name="shipping_label_woo_discount_bottomsheet_title">O que é o desconto do  WooCommerce Services?</string>
    <string-array name="order_list_tabs">
        <item>Processando…</item>
        <item>Todos os pedidos…</item>
    </string-array>
    <string name="threat_fix_description">Os preços variam de $70–120/hora</string>
    <string-array name="settings_jetpackdescription">
        <item>Você pode configurar um endereço IP ou diversos endereços como \"Sempre permitidos\"</item>
        <item>para evitar que sejam bloqueados pelo Jetpack. IPv4 e IPv6 são aceitos.</item>
        <item>Para especificar um intervalo, insira o menor e o maior valor separados por um traço. Exemplo: 12.12.12.0–12.12.12.100</item>
    </string-array>
    <string name="threat_fix_description_large">Os preços variam de $70 – 120/hora</string>
    <string-array name="settings_jetpackdescription_large">
        <item>Você pode configurar um endereço IP ou diversos endereços como \"Sempre permitidos\"</item>
        <item>para evitar que sejam bloqueados pelo Jetpack. IPv4 e IPv6 são aceitos.</item>
        <item>Para especificar um intervalo, insira o menor e o maior valor separados por um traço. Exemplo: 12.12.12.0 – 12.12.12.100</item>
    </string-array>
    <string name="field_allowed_values">O campo pode assumir esses valores: 4 3 2 1 -1 -2</string>
    <string-array name="settings_number_series">
        <item>O campo pode assumir esses valores: 4 3 2 1 -1 -2</item>
        <item>Por favor selecione sua escolha.</item>
    </string-array>
    <string name="checklist_one"> - 1. Primeiro ponto</string>
    <string name="checklist_two"> - o Dois: Segundo ponto</string>
    <string-array name="checklist_array">
        <item> - 1. Primeiro ponto</item>
        <item> - o Dois: segundo ponto</item>
    </string-array>
    <string name="multi_range_statement">O primeiro intervalo é 2–100 e o segundo é 123–456.</string>
</resources>
