<?xml version="1.0" encoding="UTF-8"?>
<!--Warning: Auto-generated file, do not edit.-->
<resources xmlns:tools="http://schemas.android.com/tools">
  <string-array name="available_languages" translatable="false" tools:ignore="InconsistentArrays">
    <item>en_US</item>
    <item>es</item>
    <item>pt_BR</item>
    <item>it</item>
    <item>zh_CN</item>
    <item>zh_TW</item>
    <item>fr</item>
  </string-array>
</resources>
